============================= test session starts =============================
platform win32 -- Python 3.13.5, pytest-9.0.2, pluggy-1.6.0 -- C:\Users\israe\OneDrive\Documentos\faz tudo\Fiscal\.venv\Scripts\python.exe
cachedir: .pytest_cache
benchmark: 5.2.3 (defaults: timer=time.perf_counter disable_gc=False min_rounds=5 min_time=0.000005 max_time=1.0 calibration_precision=10 warmup=False warmup_iterations=100000)
rootdir: C:\Users\israe\OneDrive\Documentos\faz tudo\Fiscal
configfile: pytest.ini
plugins: anyio-4.12.1, asyncio-1.3.0, benchmark-5.2.3, cov-7.0.0
asyncio: mode=Mode.STRICT, debug=False, asyncio_default_fixture_loop_scope=None, asyncio_default_test_loop_scope=function
collecting ... collected 4 items / 4 deselected / 0 selected

============================== warnings summary ===============================
backend\services\ai_service.py:3
  C:\Users\israe\OneDrive\Documentos\faz tudo\Fiscal\tests\..\backend\services\ai_service.py:3: FutureWarning: 
  
  All support for the `google.generativeai` package has ended. It will no longer be receiving 
  updates or bug fixes. Please switch to the `google.genai` package as soon as possible.
  See README for more details:
  
  https://github.com/google-gemini/deprecated-generative-ai-python/blob/main/README.md
  
    import google.generativeai as genai

-- Docs: https://docs.pytest.org/en/stable/how-to/capture-warnings.html
====================== 4 deselected, 1 warning in 0.03s =======================
